2026-09-04 11:38:19,898 [INFO] === Starting Bulletproof Pipeline (280 Videos | >=95% Global Threshold) ===
2026-09-04 11:38:19,898 [INFO] 
🔄 === [CYCLE 1/4] Client Profile: ['ios', 'android'] ===
2026-09-04 11:38:53,118 [INFO]   ✅ [SUCCESS] 5RtgblzXQ7E (43 frames | Subs: False)
2026-09-04 11:39:46,074 [INFO]   ✅ [SUCCESS] LgrZnXys86c (56 frames | Subs: False)
2026-09-04 11:40:34,559 [INFO]   ✅ [SUCCESS] rui0-OuNWmY (60 frames | Subs: False)
2026-09-04 11:41:18,974 [INFO]   ✅ [SUCCESS] O5CAWmov9K8 (78 frames | Subs: False)
2026-09-04 11:42:25,679 [INFO]   ✅ [SUCCESS] aVAjCLO_LS0 (84 frames | Subs: False)
2026-09-04 11:42:58,385 [INFO]   ✅ [SUCCESS] FFo6G-gO288 (35 frames | Subs: False)
2026-09-04 11:44:25,925 [INFO]   ✅ [SUCCESS] fHr00Y01K5s (93 frames | Subs: True)
2026-09-04 11:46:00,235 [INFO]   ✅ [SUCCESS] S5MSbl2ROqI (84 frames | Subs: False)
2026-09-04 11:46:29,882 [INFO]   ✅ [SUCCESS] uJhxhKoEqdQ (33 frames | Subs: False)
2026-09-04 11:48:21,791 [INFO]   ✅ [SUCCESS] ywaW_3pq8x8 (156 frames | Subs: False)
2026-09-04 11:49:03,698 [INFO]   ✅ [SUCCESS] T6EBy_LPQcY (36 frames | Subs: False)
2026-09-04 11:49:53,277 [INFO]   ✅ [SUCCESS] kh-hoddH0Bk (74 frames | Subs: False)
2026-09-04 11:51:19,223 [INFO]   ✅ [SUCCESS] SiguKsCDAq8 (76 frames | Subs: True)
2026-09-04 11:52:17,101 [INFO]   ✅ [SUCCESS] qfgplQVbcuY (56 frames | Subs: False)
2026-09-04 11:53:05,680 [INFO]   ✅ [SUCCESS] sXS4v3Plo4c (43 frames | Subs: False)
2026-09-04 11:53:50,611 [INFO]   ✅ [SUCCESS] d4MVrmX7bis (45 frames | Subs: False)
2026-09-04 11:54:59,820 [INFO]   ✅ [SUCCESS] HoF6DRfH3Vg (56 frames | Subs: True)
2026-09-04 11:55:30,006 [INFO]   ✅ [SUCCESS] z6F7vkPOdhE (34 frames | Subs: False)
2026-09-04 11:56:13,903 [INFO]   ✅ [SUCCESS] BOHAF5PIT2g (41 frames | Subs: False)
2026-09-04 11:57:39,039 [INFO]   ✅ [SUCCESS] -u3A8fEf0so (88 frames | Subs: False)
2026-09-04 11:58:21,900 [INFO]   ✅ [SUCCESS] 0K16TeRzIF4 (46 frames | Subs: False)
2026-09-04 11:58:49,428 [INFO]   ✅ [SUCCESS] LZ0XjxhCKp8 (26 frames | Subs: False)
2026-09-04 12:00:23,617 [INFO]   ✅ [SUCCESS] 347XUVQ75C0 (73 frames | Subs: False)
2026-09-04 12:01:06,866 [INFO]   ✅ [SUCCESS] sW0Ke_uI_HM (37 frames | Subs: False)
2026-09-04 12:01:38,303 [INFO]   ✅ [SUCCESS] O7vkTr4g6Hw (29 frames | Subs: False)
2026-09-04 12:02:19,383 [INFO]   ✅ [SUCCESS] oBvd87A7Y20 (43 frames | Subs: False)
2026-09-04 12:02:52,758 [INFO]   ✅ [SUCCESS] 8i8SAqeoHx4 (38 frames | Subs: True)
2026-09-04 12:04:15,865 [INFO]   ✅ [SUCCESS] gHreTOdbuB4 (118 frames | Subs: True)
2026-09-04 12:05:29,478 [INFO]   ✅ [SUCCESS] rHd6PMMrhrc (98 frames | Subs: False)
2026-09-04 12:06:21,659 [INFO]   ✅ [SUCCESS] a5V0Y1IG2Lo (60 frames | Subs: False)
2026-09-04 12:07:27,869 [INFO]   ✅ [SUCCESS] fTIg_mBjCWM (49 frames | Subs: True)
2026-09-04 12:08:15,221 [INFO]   ✅ [SUCCESS] V7NEHl9jBI8 (52 frames | Subs: False)
2026-09-04 12:08:51,898 [INFO]   ✅ [SUCCESS] nQyySMFflYA (43 frames | Subs: False)
2026-09-04 12:09:38,985 [INFO]   ✅ [SUCCESS] DJj8_j7JB-c (55 frames | Subs: False)
2026-09-04 12:22:10,526 [INFO]   ✅ [SUCCESS] K81nsMTxuPo (921 frames | Subs: True)
2026-09-04 12:23:08,062 [INFO]   ✅ [SUCCESS] VRCDjwV8jBs (41 frames | Subs: False)
2026-09-04 12:23:28,273 [INFO]   ✅ [SUCCESS] m_Ex35tZ5Tg (26 frames | Subs: False)
2026-09-04 12:24:13,989 [INFO]   ✅ [SUCCESS] HDoQHqF0qto (55 frames | Subs: False)
2026-09-04 12:25:00,625 [INFO]   ✅ [SUCCESS] J5tlsjYj-MU (47 frames | Subs: False)
2026-09-04 12:25:34,820 [INFO]   ✅ [SUCCESS] -y21ocqBtZA (44 frames | Subs: False)
2026-09-04 12:26:00,068 [INFO]   ✅ [SUCCESS] u39fbxnJqQQ (29 frames | Subs: False)
2026-09-04 12:26:49,674 [INFO]   ✅ [SUCCESS] y_FsgM7RVNI (63 frames | Subs: False)
2026-09-04 12:27:44,475 [INFO]   ✅ [SUCCESS] fsJGVj_zLJo (48 frames | Subs: False)
2026-09-04 12:28:16,252 [INFO]   ✅ [SUCCESS] LbbAZxPaW8A (28 frames | Subs: False)
2026-09-04 12:28:54,963 [INFO]   ✅ [SUCCESS] ioD6xhmT2Es (47 frames | Subs: False)
2026-09-04 12:29:25,856 [INFO]   ✅ [SUCCESS] y6bcCYZ2j6w (29 frames | Subs: False)
2026-09-04 12:30:04,029 [INFO]   ✅ [SUCCESS] WnBWfix-GpU (54 frames | Subs: False)
2026-09-04 12:31:03,848 [INFO]   ✅ [SUCCESS] 7DBmLGSKCgM (98 frames | Subs: False)
2026-09-04 12:31:56,627 [INFO]   ✅ [SUCCESS] m-Bsy0GCjE0 (83 frames | Subs: False)
2026-09-04 12:32:36,615 [INFO]   ✅ [SUCCESS] tX8URf_UZzw (41 frames | Subs: False)
2026-09-04 12:33:15,521 [INFO]   ✅ [SUCCESS] L1Mwl_2zofY (28 frames | Subs: False)
2026-09-04 12:35:12,051 [INFO]   ✅ [SUCCESS] bev5AR8XYkU (73 frames | Subs: False)
2026-09-04 12:35:38,514 [INFO]   ✅ [SUCCESS] 9BHBOxcpSBE (24 frames | Subs: False)
2026-09-04 12:38:59,791 [INFO]   ✅ [SUCCESS] BcaKM9uSVu0 (52 frames | Subs: False)
2026-09-04 12:40:06,293 [INFO]   ✅ [SUCCESS] N3avE-Z6JjE (77 frames | Subs: False)
2026-09-04 12:41:23,227 [INFO]   ✅ [SUCCESS] S05kdflNYl0 (55 frames | Subs: False)
2026-09-04 12:41:46,433 [INFO]   ✅ [SUCCESS] v_oVywG3dwM (21 frames | Subs: False)
2026-09-04 12:42:08,756 [INFO]   ✅ [SUCCESS] KBSq2yQB8UA (22 frames | Subs: False)
2026-09-04 12:42:35,454 [INFO]   ✅ [SUCCESS] uBBSLFYXSsw (24 frames | Subs: False)
2026-09-04 12:43:01,588 [INFO]   ✅ [SUCCESS] zwXoMNPLJcc (21 frames | Subs: False)
2026-09-04 12:43:05,726 [WARNING]   ⚠️ Error processing YDcSKITbuyU: ERROR: [youtube] YDcSKITbuyU: Sign in to confirm you’re not a bot. Use --cookies-from-browser or --cookies for the authentication. See  https://github.com/yt-dlp/yt-dlp/wiki/FAQ#how-do-i-pass-cookies-to-yt-dlp  for how to manually pass cookies. Also see  https://github.com/yt-dlp/yt-dlp/wiki/Extractors#exporting-youtube-cookies  for tips on effectively exporting YouTube cookies
2026-09-04 12:43:08,032 [WARNING] Meta fetch skipped for https://www.youtube.com/watch?v=gk3TcSyer4s: ERROR: [youtube] gk3TcSyer4s: Sign in to confirm you’re not a bot. Use --cookies-from-browser or --cookies for the authentication. See  https://github.com/yt-dlp/yt-dlp/wiki/FAQ#how-do-i-pass-cookies-to-yt-dlp  for how to manually pass cookies. Also see  https://github.com/yt-dlp/yt-dlp/wiki/Extractors#exporting-youtube-cookies  for tips on effectively exporting YouTube cookies
2026-09-04 12:43:08,033 [INFO] 🔄 [IP DYNAMICS] Regenerating Wireproxy & Cloudflare WARP Identity...
2026-09-04 12:43:16,533 [INFO] ✅ Clean IP Assigned: 104.28.196.79
2026-09-04 12:43:59,949 [INFO]   ✅ [SUCCESS] 6niurbOhhBs (40 frames | Subs: False)
2026-09-04 12:45:11,375 [INFO]   ✅ [SUCCESS] SiguKsCDAq8 (76 frames | Subs: False)
2026-09-04 12:46:03,347 [INFO]   ✅ [SUCCESS] kF-o_9sk82k (69 frames | Subs: False)
2026-09-04 12:46:41,104 [INFO]   ✅ [SUCCESS] fI-zGuuz_JM (38 frames | Subs: False)
2026-09-04 12:47:30,491 [INFO]   ✅ [SUCCESS] JE62PEQfgWc (38 frames | Subs: False)
2026-09-04 12:47:51,295 [INFO]   ✅ [SUCCESS] hvr5zJxcQ_o (37 frames | Subs: False)
2026-09-04 12:48:38,268 [INFO]   ✅ [SUCCESS] 9leQIhJXezw (30 frames | Subs: False)
2026-09-04 12:49:53,299 [INFO]   ✅ [SUCCESS] gHreTOdbuB4 (118 frames | Subs: False)
2026-09-04 12:50:54,704 [INFO]   ✅ [SUCCESS] AlTJUk0N6qA (45 frames | Subs: False)
2026-09-04 12:52:13,442 [INFO]   ✅ [SUCCESS] BPb8UxuN6Pc (62 frames | Subs: False)
2026-09-04 12:52:53,439 [INFO]   ✅ [SUCCESS] EKlbAuH4aB8 (56 frames | Subs: False)
2026-09-04 12:55:48,288 [INFO]   ✅ [SUCCESS] 94B9HdzOOjE (155 frames | Subs: False)
2026-09-04 12:56:35,680 [INFO]   ✅ [SUCCESS] MEcW4Hm4cko (61 frames | Subs: False)
2026-09-04 12:57:18,846 [INFO]   ✅ [SUCCESS] owzIvbVdE8w (44 frames | Subs: False)
2026-09-04 12:58:39,111 [INFO]   ✅ [SUCCESS] GvReDYmaQeY (57 frames | Subs: False)
2026-09-04 12:59:43,268 [INFO]   ✅ [SUCCESS] 4h-nJMwCXDY (78 frames | Subs: False)
2026-09-04 13:00:30,796 [INFO]   ✅ [SUCCESS] CRDnOwINpc8 (66 frames | Subs: False)
2026-09-04 13:01:21,783 [INFO]   ✅ [SUCCESS] XTnmHvCJLTA (62 frames | Subs: False)
2026-09-04 13:02:01,111 [INFO]   ✅ [SUCCESS] 0exTXE0MF9s (39 frames | Subs: False)
2026-09-04 13:03:02,167 [INFO]   ✅ [SUCCESS] gFODVl7fsik (61 frames | Subs: False)
2026-09-04 13:03:28,983 [INFO]   ✅ [SUCCESS] MUnWWmsk1e0 (24 frames | Subs: False)
2026-09-04 13:04:03,074 [INFO]   ✅ [SUCCESS] JXwWspvOVAQ (32 frames | Subs: False)
2026-09-04 13:06:15,691 [INFO]   ✅ [SUCCESS] wYgoBDa9IlA (115 frames | Subs: False)
2026-09-04 13:07:03,150 [INFO]   ✅ [SUCCESS] 9BYWa6V0rnw (49 frames | Subs: False)
2026-09-04 13:07:55,401 [INFO]   ✅ [SUCCESS] 6QwwFC3MPHA (43 frames | Subs: False)
2026-09-04 13:09:00,041 [INFO]   ✅ [SUCCESS] 1yIre35Kp4Q (47 frames | Subs: False)
2026-09-04 13:09:42,522 [INFO]   ✅ [SUCCESS] kh-hoddH0Bk (74 frames | Subs: False)
2026-09-04 13:10:34,162 [INFO]   ✅ [SUCCESS] ku_iQIekPr4 (62 frames | Subs: False)
2026-09-04 13:11:49,956 [INFO]   ✅ [SUCCESS] Elt4CxFdgP4 (54 frames | Subs: False)
2026-09-04 13:12:41,125 [INFO]   ✅ [SUCCESS] GyHXekvfzZE (41 frames | Subs: False)
2026-09-04 13:13:24,227 [INFO]   ✅ [SUCCESS] ayhS3LDtw0w (45 frames | Subs: False)
2026-09-04 13:14:49,191 [INFO]   ✅ [SUCCESS] DZQhYtFC2_8 (72 frames | Subs: False)
2026-09-04 13:16:02,695 [INFO]   ✅ [SUCCESS] ET5RbiaYbpg (49 frames | Subs: False)
2026-09-04 13:16:45,908 [INFO]   ✅ [SUCCESS] iAvt0oqAIkY (36 frames | Subs: False)
2026-09-04 13:17:23,616 [INFO]   ✅ [SUCCESS] 9zG2eedIvCs (52 frames | Subs: False)
2026-09-04 13:18:25,989 [INFO]   ✅ [SUCCESS] OSe8aGk5ibY (39 frames | Subs: False)
2026-09-04 13:18:57,679 [INFO]   ✅ [SUCCESS] sFZhVAY7N0Y (28 frames | Subs: False)
2026-09-04 13:19:11,588 [WARNING]   ⚠️ Error processing NJ0VcsrEuos: Command '['ffmpeg', '-y', '-i', 'Trade_Dataset_281/PL3_Basic/NJ0VcsrEuos_داستان زندگی کسانی که لیکویید شدن و دلایل آن در بازار ارزدیجیتال part1/temp_video.mp4', '-vf', 'fps=1/30', '-q:v', '2', 'Trade_Dataset_281/PL3_Basic/NJ0VcsrEuos_داستان زندگی کسانی که لیکویید شدن و دلایل آن در بازار ارزدیجیتال part1/02_keyframes/frame_%06ds.jpg']' returned non-zero exit status 183.
2026-09-04 13:20:57,364 [INFO]   ✅ [SUCCESS] sFGu5TQ-qCo (134 frames | Subs: False)
2026-09-04 13:22:45,897 [INFO]   ✅ [SUCCESS] MeLQfs4b8H0 (90 frames | Subs: True)
2026-09-04 13:23:36,153 [INFO]   ✅ [SUCCESS] rIOvU6PSd8E (40 frames | Subs: False)
2026-09-04 13:24:23,323 [INFO]   ✅ [SUCCESS] Vmy7d25t6pw (34 frames | Subs: False)
2026-09-04 13:25:16,349 [INFO]   ✅ [SUCCESS] Jn3BxCwO--c (41 frames | Subs: False)
2026-09-04 13:25:56,692 [INFO]   ✅ [SUCCESS] 9oBI5lPwltY (31 frames | Subs: False)
2026-09-04 13:26:29,231 [INFO]   ✅ [SUCCESS] Rwm9f3pZd08 (33 frames | Subs: False)
2026-09-04 13:27:02,439 [INFO]   ✅ [SUCCESS] yE9mKgxJcwU (25 frames | Subs: False)
2026-09-04 13:27:36,058 [INFO]   ✅ [SUCCESS] Uo5w_EzlTIk (29 frames | Subs: False)
2026-09-04 13:28:09,450 [INFO]   ✅ [SUCCESS] 2hjftGE8sB8 (70 frames | Subs: False)
2026-09-04 13:28:57,849 [INFO]   ✅ [SUCCESS] h_dYdA0bC_c (41 frames | Subs: False)
2026-09-04 13:29:32,374 [INFO]   ✅ [SUCCESS] IhMPuDZuoxU (33 frames | Subs: False)
2026-09-04 13:29:58,093 [INFO]   ✅ [SUCCESS] z6F7vkPOdhE (34 frames | Subs: True)
2026-09-04 13:31:07,322 [INFO]   ✅ [SUCCESS] ArejlRH3r_A (66 frames | Subs: False)
2026-09-04 13:31:39,347 [INFO]   ✅ [SUCCESS] irO2p9P6wLQ (34 frames | Subs: False)
2026-09-04 13:32:23,887 [INFO]   ✅ [SUCCESS] 5BmcE2X-9Vk (50 frames | Subs: False)
2026-09-04 13:33:18,151 [INFO]   ✅ [SUCCESS] eNfuoAKVRn8 (66 frames | Subs: False)
2026-09-04 13:34:12,255 [INFO]   ✅ [SUCCESS] os9ZyARvCDE (91 frames | Subs: False)
2026-09-04 13:35:01,574 [INFO]   ✅ [SUCCESS] t3aIDxJUSA8 (57 frames | Subs: False)
2026-09-04 13:35:38,622 [INFO]   ✅ [SUCCESS] BGeUAjcJHQQ (40 frames | Subs: False)
2026-09-04 13:36:19,604 [INFO]   ✅ [SUCCESS] 9VvIOGwwZ2U (60 frames | Subs: False)
2026-09-04 13:37:04,899 [INFO]   ✅ [SUCCESS] O4LikOws9Pg (66 frames | Subs: False)
2026-09-04 13:37:59,182 [INFO]   ✅ [SUCCESS] -Nk0MaMGOvI (32 frames | Subs: False)
2026-09-04 13:38:48,801 [INFO]   ✅ [SUCCESS] el5wh7EhEfM (63 frames | Subs: False)
2026-09-04 13:39:31,318 [INFO]   ✅ [SUCCESS] TctHRwfoXjg (41 frames | Subs: False)
2026-09-04 13:40:48,917 [INFO]   ✅ [SUCCESS] yvczNRp68wA (122 frames | Subs: False)
2026-09-04 13:41:40,158 [INFO]   ✅ [SUCCESS] SL61gvchUJ4 (69 frames | Subs: False)
2026-09-04 13:42:40,026 [INFO]   ✅ [SUCCESS] _6jIBHq-loI (47 frames | Subs: False)
2026-09-04 13:44:18,879 [INFO]   ✅ [SUCCESS] neakIPUrT24 (118 frames | Subs: False)
2026-09-04 13:45:05,485 [INFO]   ✅ [SUCCESS] LkeGoHJzw2U (51 frames | Subs: False)
2026-09-04 13:46:13,194 [INFO]   ✅ [SUCCESS] 3OmWhOHjHFQ (52 frames | Subs: False)
2026-09-04 13:47:21,180 [INFO]   ✅ [SUCCESS] NSDUiExPzQA (79 frames | Subs: False)
2026-09-04 13:48:06,290 [INFO]   ✅ [SUCCESS] KWXYGpTvhMk (42 frames | Subs: False)
2026-09-04 13:49:00,291 [INFO]   ✅ [SUCCESS] EjOVN3gaFkk (38 frames | Subs: False)
2026-09-04 13:50:06,153 [INFO]   ✅ [SUCCESS] 1JY0k3XAsTw (86 frames | Subs: False)
2026-09-04 13:50:44,038 [INFO]   ✅ [SUCCESS] OXJEyvX3WX8 (49 frames | Subs: False)
2026-09-04 13:52:14,877 [INFO]   ✅ [SUCCESS] jCkHkNegvlw (147 frames | Subs: False)
2026-09-04 13:52:36,853 [INFO]   ✅ [SUCCESS] ykzMw0hYoi4 (12 frames | Subs: False)
2026-09-04 13:53:41,927 [INFO]   ✅ [SUCCESS] 6vL1li53_yk (44 frames | Subs: False)
2026-09-04 13:54:15,698 [INFO]   ✅ [SUCCESS] zJQ77lRRcFY (38 frames | Subs: False)
2026-09-04 13:55:31,280 [INFO]   ✅ [SUCCESS] K1gReIMIWmg (56 frames | Subs: False)
2026-09-04 13:56:51,957 [INFO]   ✅ [SUCCESS] XZgEB_oz0No (50 frames | Subs: False)
2026-09-04 13:58:05,027 [INFO]   ✅ [SUCCESS] i6JBcH6cSyA (82 frames | Subs: False)
2026-09-04 13:58:32,615 [INFO]   ✅ [SUCCESS] TqkepgyTLZk (32 frames | Subs: False)
2026-09-04 13:59:21,207 [INFO]   ✅ [SUCCESS] wzuHo69uF4Y (73 frames | Subs: False)
2026-09-04 14:00:32,009 [INFO]   ✅ [SUCCESS] TwXZu4FGEwU (53 frames | Subs: False)
2026-09-04 14:01:04,587 [INFO]   ✅ [SUCCESS] VJofewtla0g (24 frames | Subs: False)
2026-09-04 14:01:51,679 [INFO]   ✅ [SUCCESS] CjpzTWZTt9I (56 frames | Subs: True)
2026-09-04 14:02:42,006 [INFO]   ✅ [SUCCESS] foegve8-hko (59 frames | Subs: False)
2026-09-04 14:03:39,784 [INFO]   ✅ [SUCCESS] iB7tDkS577w (52 frames | Subs: False)
2026-09-04 14:05:36,250 [INFO]   ✅ [SUCCESS] nxnsDlk3yG0 (84 frames | Subs: False)
2026-09-04 14:06:34,695 [INFO]   ✅ [SUCCESS] ifZv3-eWKjg (60 frames | Subs: False)
2026-09-04 14:07:14,397 [INFO]   ✅ [SUCCESS] T6EBy_LPQcY (36 frames | Subs: False)
2026-09-04 14:07:57,561 [INFO]   ✅ [SUCCESS] y_FsgM7RVNI (63 frames | Subs: False)
2026-09-04 14:08:32,881 [INFO]   ✅ [SUCCESS] fsJGVj_zLJo (48 frames | Subs: True)
2026-09-04 14:09:48,357 [INFO]   ✅ [SUCCESS] _ubjbLPpbHo (74 frames | Subs: False)
2026-09-04 14:10:43,859 [INFO]   ✅ [SUCCESS] sFms3NdlHqo (53 frames | Subs: False)
2026-09-04 14:11:26,200 [INFO]   ✅ [SUCCESS] wldt19DPIoI (37 frames | Subs: False)
2026-09-04 14:12:47,398 [INFO]   ✅ [SUCCESS] 2BluCMI_fOo (93 frames | Subs: False)
2026-09-04 14:13:33,856 [INFO]   ✅ [SUCCESS] eFMRpUUXGak (39 frames | Subs: False)
2026-09-04 14:15:21,853 [INFO]   ✅ [SUCCESS] ywaW_3pq8x8 (156 frames | Subs: False)
2026-09-04 14:16:19,185 [INFO]   ✅ [SUCCESS] EV0pnULVVoo (50 frames | Subs: False)
2026-09-04 14:17:03,687 [INFO]   ✅ [SUCCESS] QazmXGKXq5c (44 frames | Subs: False)
2026-09-04 14:17:16,284 [INFO]   ✅ [SUCCESS] J4qdZWwrI8A (0 frames | Subs: True)
2026-09-04 14:17:29,930 [INFO]   ✅ [SUCCESS] qd0xjIaQEuI (1 frames | Subs: False)
2026-09-04 14:17:43,746 [INFO]   ✅ [SUCCESS] sz_Sy8C4hW0 (1 frames | Subs: False)
2026-09-04 14:18:08,832 [INFO]   ✅ [SUCCESS] y9CLWNkhi5w (30 frames | Subs: False)
2026-09-04 14:18:36,160 [INFO]   ✅ [SUCCESS] pcfw8Fr6trI (31 frames | Subs: False)
2026-09-04 14:19:09,018 [INFO]   ✅ [SUCCESS] xXmSljpp_hY (37 frames | Subs: False)
2026-09-04 14:19:49,123 [INFO]   ✅ [SUCCESS] Ox5Mlas8n4g (27 frames | Subs: False)
2026-09-04 14:21:45,343 [INFO]   ✅ [SUCCESS] btRFwk458CY (133 frames | Subs: False)
2026-09-04 14:22:42,345 [INFO]   ✅ [SUCCESS] tD_1kj56Yf4 (39 frames | Subs: False)
2026-09-04 14:23:23,305 [INFO]   ✅ [SUCCESS] QXSqaS0o5rQ (51 frames | Subs: False)
2026-09-04 14:23:49,259 [INFO]   ✅ [SUCCESS] Avl2PMZpE5E (26 frames | Subs: False)
2026-09-04 14:26:48,647 [INFO]   ✅ [SUCCESS] wSNUrSVbGgk (281 frames | Subs: False)
2026-09-04 14:27:57,113 [INFO]   ✅ [SUCCESS] 6cDPDdbILJo (97 frames | Subs: False)
2026-09-04 14:28:26,731 [INFO]   ✅ [SUCCESS] lx9FjULj4zI (42 frames | Subs: False)
2026-09-04 14:28:51,446 [INFO]   ✅ [SUCCESS] BGy5-nSq1sU (26 frames | Subs: False)
2026-09-04 14:30:10,595 [INFO]   ✅ [SUCCESS] 8zTZOUwydfo (51 frames | Subs: False)
2026-09-04 14:30:13,142 [WARNING] Meta fetch skipped for https://www.youtube.com/watch?v=D74ckSnFdOA: ERROR: [youtube] D74ckSnFdOA: Sign in to confirm you’re not a bot. Use --cookies-from-browser or --cookies for the authentication. See  https://github.com/yt-dlp/yt-dlp/wiki/FAQ#how-do-i-pass-cookies-to-yt-dlp  for how to manually pass cookies. Also see  https://github.com/yt-dlp/yt-dlp/wiki/Extractors#exporting-youtube-cookies  for tips on effectively exporting YouTube cookies
2026-09-04 14:30:15,811 [WARNING] Meta fetch skipped for https://www.youtube.com/watch?v=sUn8l1IDxto: ERROR: [youtube] sUn8l1IDxto: Sign in to confirm you’re not a bot. Use --cookies-from-browser or --cookies for the authentication. See  https://github.com/yt-dlp/yt-dlp/wiki/FAQ#how-do-i-pass-cookies-to-yt-dlp  for how to manually pass cookies. Also see  https://github.com/yt-dlp/yt-dlp/wiki/Extractors#exporting-youtube-cookies  for tips on effectively exporting YouTube cookies
2026-09-04 14:30:15,813 [INFO] 🔄 [IP DYNAMICS] Regenerating Wireproxy & Cloudflare WARP Identity...
2026-09-04 14:30:24,894 [INFO] ✅ Clean IP Assigned: 104.28.196.79
2026-09-04 14:30:49,705 [INFO]   ✅ [SUCCESS] 2uisqvCbdqQ (21 frames | Subs: False)
2026-09-04 14:30:54,652 [WARNING]   ⚠️ Error processing TYq76JRO_DU: ERROR: [youtube] TYq76JRO_DU: Sign in to confirm you’re not a bot. Use --cookies-from-browser or --cookies for the authentication. See  https://github.com/yt-dlp/yt-dlp/wiki/FAQ#how-do-i-pass-cookies-to-yt-dlp  for how to manually pass cookies. Also see  https://github.com/yt-dlp/yt-dlp/wiki/Extractors#exporting-youtube-cookies  for tips on effectively exporting YouTube cookies
2026-09-04 14:31:21,274 [INFO]   ✅ [SUCCESS] ay46KhAOdRc (21 frames | Subs: False)
2026-09-04 14:31:25,813 [WARNING]   ⚠️ Error processing hGFgm2ryTKU: ERROR: [youtube] hGFgm2ryTKU: Sign in to confirm you’re not a bot. Use --cookies-from-browser or --cookies for the authentication. See  https://github.com/yt-dlp/yt-dlp/wiki/FAQ#how-do-i-pass-cookies-to-yt-dlp  for how to manually pass cookies. Also see  https://github.com/yt-dlp/yt-dlp/wiki/Extractors#exporting-youtube-cookies  for tips on effectively exporting YouTube cookies
2026-09-04 14:31:45,728 [WARNING]   ⚠️ Error processing Xv2Del2i30Y: ERROR: [youtube] Xv2Del2i30Y: Sign in to confirm you’re not a bot. Use --cookies-from-browser or --cookies for the authentication. See  https://github.com/yt-dlp/yt-dlp/wiki/FAQ#how-do-i-pass-cookies-to-yt-dlp  for how to manually pass cookies. Also see  https://github.com/yt-dlp/yt-dlp/wiki/Extractors#exporting-youtube-cookies  for tips on effectively exporting YouTube cookies
2026-09-04 14:31:45,729 [INFO] 🔄 [IP DYNAMICS] Regenerating Wireproxy & Cloudflare WARP Identity...
2026-09-04 14:31:54,782 [INFO] ✅ Clean IP Assigned: 104.28.196.79
2026-09-04 14:31:57,494 [WARNING] Meta fetch skipped for https://www.youtube.com/watch?v=g9il3wBh3Eo: ERROR: [youtube] g9il3wBh3Eo: Sign in to confirm you’re not a bot. Use --cookies-from-browser or --cookies for the authentication. See  https://github.com/yt-dlp/yt-dlp/wiki/FAQ#how-do-i-pass-cookies-to-yt-dlp  for how to manually pass cookies. Also see  https://github.com/yt-dlp/yt-dlp/wiki/Extractors#exporting-youtube-cookies  for tips on effectively exporting YouTube cookies
2026-09-04 14:32:00,588 [WARNING] Meta fetch skipped for https://www.youtube.com/watch?v=Fch4Wx6SAtk: ERROR: [youtube] Fch4Wx6SAtk: Sign in to confirm you’re not a bot. Use --cookies-from-browser or --cookies for the authentication. See  https://github.com/yt-dlp/yt-dlp/wiki/FAQ#how-do-i-pass-cookies-to-yt-dlp  for how to manually pass cookies. Also see  https://github.com/yt-dlp/yt-dlp/wiki/Extractors#exporting-youtube-cookies  for tips on effectively exporting YouTube cookies
2026-09-04 14:32:00,589 [INFO] 🔄 [IP DYNAMICS] Regenerating Wireproxy & Cloudflare WARP Identity...
2026-09-04 14:32:09,570 [INFO] ✅ Clean IP Assigned: 104.28.196.79
2026-09-04 14:32:12,944 [WARNING] Meta fetch skipped for https://www.youtube.com/watch?v=nECdV9HBVHo: ERROR: [youtube] nECdV9HBVHo: Sign in to confirm you’re not a bot. Use --cookies-from-browser or --cookies for the authentication. See  https://github.com/yt-dlp/yt-dlp/wiki/FAQ#how-do-i-pass-cookies-to-yt-dlp  for how to manually pass cookies. Also see  https://github.com/yt-dlp/yt-dlp/wiki/Extractors#exporting-youtube-cookies  for tips on effectively exporting YouTube cookies
2026-09-04 14:32:18,942 [WARNING]   ⚠️ Error processing cn8lV0__Jtg: ERROR: unable to download video data: HTTP Error 403: Forbidden
2026-09-04 14:32:18,944 [INFO] 🔄 [IP DYNAMICS] Regenerating Wireproxy & Cloudflare WARP Identity...
2026-09-04 14:32:27,489 [INFO] ✅ Clean IP Assigned: 104.28.196.79
2026-09-04 14:32:31,270 [WARNING]   ⚠️ Error processing pETk-x9Qs7w: ERROR: [youtube] pETk-x9Qs7w: Sign in to confirm you’re not a bot. Use --cookies-from-browser or --cookies for the authentication. See  https://github.com/yt-dlp/yt-dlp/wiki/FAQ#how-do-i-pass-cookies-to-yt-dlp  for how to manually pass cookies. Also see  https://github.com/yt-dlp/yt-dlp/wiki/Extractors#exporting-youtube-cookies  for tips on effectively exporting YouTube cookies
2026-09-04 14:32:36,270 [WARNING]   ⚠️ Error processing HVmymb-Cm7I: ERROR: unable to download video data: HTTP Error 403: Forbidden
2026-09-04 14:32:36,272 [INFO] 🔄 [IP DYNAMICS] Regenerating Wireproxy & Cloudflare WARP Identity...
2026-09-04 14:32:44,951 [INFO] ✅ Clean IP Assigned: 104.28.196.79
2026-09-04 14:32:48,655 [WARNING] Meta fetch skipped for https://www.youtube.com/watch?v=PDkk1L_S8pI: ERROR: [youtube] PDkk1L_S8pI: Sign in to confirm you’re not a bot. Use --cookies-from-browser or --cookies for the authentication. See  https://github.com/yt-dlp/yt-dlp/wiki/FAQ#how-do-i-pass-cookies-to-yt-dlp  for how to manually pass cookies. Also see  https://github.com/yt-dlp/yt-dlp/wiki/Extractors#exporting-youtube-cookies  for tips on effectively exporting YouTube cookies
2026-09-04 14:32:52,702 [WARNING]   ⚠️ Error processing cJqZ9JJvC-8: ERROR: [youtube] cJqZ9JJvC-8: Sign in to confirm you’re not a bot. Use --cookies-from-browser or --cookies for the authentication. See  https://github.com/yt-dlp/yt-dlp/wiki/FAQ#how-do-i-pass-cookies-to-yt-dlp  for how to manually pass cookies. Also see  https://github.com/yt-dlp/yt-dlp/wiki/Extractors#exporting-youtube-cookies  for tips on effectively exporting YouTube cookies
2026-09-04 14:32:52,704 [INFO] 🔄 [IP DYNAMICS] Regenerating Wireproxy & Cloudflare WARP Identity...
2026-09-04 14:33:01,109 [INFO] ✅ Clean IP Assigned: 104.28.196.79
2026-09-04 14:33:11,702 [WARNING]   ⚠️ Error processing S7g7qz8KitU: ERROR: [youtube] S7g7qz8KitU: Sign in to confirm you’re not a bot. Use --cookies-from-browser or --cookies for the authentication. See  https://github.com/yt-dlp/yt-dlp/wiki/FAQ#how-do-i-pass-cookies-to-yt-dlp  for how to manually pass cookies. Also see  https://github.com/yt-dlp/yt-dlp/wiki/Extractors#exporting-youtube-cookies  for tips on effectively exporting YouTube cookies
2026-09-04 14:33:15,028 [WARNING] Meta fetch skipped for https://www.youtube.com/watch?v=dnVa9zyz4QE: ERROR: [youtube] dnVa9zyz4QE: Sign in to confirm you’re not a bot. Use --cookies-from-browser or --cookies for the authentication. See  https://github.com/yt-dlp/yt-dlp/wiki/FAQ#how-do-i-pass-cookies-to-yt-dlp  for how to manually pass cookies. Also see  https://github.com/yt-dlp/yt-dlp/wiki/Extractors#exporting-youtube-cookies  for tips on effectively exporting YouTube cookies
2026-09-04 14:33:15,030 [INFO] 🔄 [IP DYNAMICS] Regenerating Wireproxy & Cloudflare WARP Identity...
2026-09-04 14:33:24,126 [INFO] ✅ Clean IP Assigned: 104.28.196.79
2026-09-04 14:34:16,262 [INFO]   ✅ [SUCCESS] aW0iTAr2BH0 (55 frames | Subs: False)
2026-09-04 14:34:53,865 [INFO]   ✅ [SUCCESS] XSpB0gk1KbQ (36 frames | Subs: False)
2026-09-04 14:35:31,533 [INFO]   ✅ [SUCCESS] 2T79KMVd2IA (53 frames | Subs: True)
2026-09-04 14:35:56,973 [INFO]   ✅ [SUCCESS] id1wZl9PLso (57 frames | Subs: True)
2026-09-04 14:40:27,299 [INFO]   ✅ [SUCCESS] XKkYZ_vzRFs (48 frames | Subs: True)
2026-09-04 14:41:12,763 [INFO]   ✅ [SUCCESS] ouPafQ70zWA (74 frames | Subs: True)
2026-09-04 14:41:43,060 [INFO]   ✅ [SUCCESS] Ac0boGq6OCk (28 frames | Subs: False)
2026-09-04 14:42:24,544 [INFO]   ✅ [SUCCESS] wUz9yks5TNU (65 frames | Subs: True)
2026-09-04 14:43:18,874 [INFO]   ✅ [SUCCESS] 7i933aANImI (70 frames | Subs: False)
2026-09-04 14:44:02,326 [INFO]   ✅ [SUCCESS] B31EZsSRAak (47 frames | Subs: True)
2026-09-04 14:45:00,153 [INFO]   ✅ [SUCCESS] Iqkhuo9bWXo (69 frames | Subs: False)
2026-09-04 14:45:33,834 [INFO]   ✅ [SUCCESS] 0MGAPsaT8x8 (59 frames | Subs: False)
2026-09-04 14:46:08,323 [INFO]   ✅ [SUCCESS] fGArARwlo08 (58 frames | Subs: False)
2026-09-04 14:46:51,343 [INFO]   ✅ [SUCCESS] 0T6CJsTzmSk (29 frames | Subs: True)
2026-09-04 14:47:51,752 [INFO]   ✅ [SUCCESS] 5_TO9QGCDEo (65 frames | Subs: True)
2026-09-04 14:48:38,468 [INFO]   ✅ [SUCCESS] Bx2fHbaLY14 (44 frames | Subs: True)
2026-09-04 14:49:50,677 [INFO]   ✅ [SUCCESS] _j3CBJatzv4 (40 frames | Subs: True)
2026-09-04 14:50:32,951 [INFO]   ✅ [SUCCESS] XDyWVBqmFPw (26 frames | Subs: True)
2026-09-04 14:51:05,251 [INFO]   ✅ [SUCCESS] uhXnoPQycNM (40 frames | Subs: False)
2026-09-04 14:51:48,783 [INFO]   ✅ [SUCCESS] 1_mE0ELUqPk (50 frames | Subs: True)
2026-09-04 14:52:52,214 [INFO]   ✅ [SUCCESS] GQh9HdCZvOM (49 frames | Subs: True)
2026-09-04 14:53:58,633 [INFO]   ✅ [SUCCESS] fdGhyUFHJ5I (76 frames | Subs: False)
2026-09-04 14:54:28,996 [INFO]   ✅ [SUCCESS] jFmeVYA76Dc (49 frames | Subs: True)
2026-09-04 14:55:15,036 [INFO]   ✅ [SUCCESS] Qy8yHx7qD80 (39 frames | Subs: False)
2026-09-04 14:56:14,238 [INFO]   ✅ [SUCCESS] 58Bv_3LSJmg (39 frames | Subs: False)
2026-09-04 14:56:57,091 [INFO]   ✅ [SUCCESS] 6r4GS89Stb0 (50 frames | Subs: True)
2026-09-04 14:58:03,319 [INFO]   ✅ [SUCCESS] jVBg_wp601U (54 frames | Subs: True)
2026-09-04 14:58:47,386 [INFO]   ✅ [SUCCESS] EgsSbii_3cM (44 frames | Subs: True)
2026-09-04 14:59:23,533 [INFO]   ✅ [SUCCESS] 9LN9LiYhCyI (40 frames | Subs: True)
2026-09-04 15:00:50,711 [INFO]   ✅ [SUCCESS] sYHqjzVpIPA (94 frames | Subs: False)
2026-09-04 15:01:59,977 [INFO]   ✅ [SUCCESS] Ak-W_INGFwM (90 frames | Subs: True)
2026-09-04 15:02:39,542 [INFO]   ✅ [SUCCESS] i0hxq2z7xp8 (46 frames | Subs: True)
2026-09-04 15:04:33,961 [INFO]   ✅ [SUCCESS] 3pJaAzsNoT4 (61 frames | Subs: False)
2026-09-04 15:05:28,333 [INFO]   ✅ [SUCCESS] LUKndyla_jg (36 frames | Subs: True)
2026-09-04 15:06:28,189 [INFO]   ✅ [SUCCESS] wX5CdZUCSNI (58 frames | Subs: True)
2026-09-04 15:07:42,081 [INFO]   ✅ [SUCCESS] ghinfD6eOiA (58 frames | Subs: False)
2026-09-04 15:08:38,313 [INFO]   ✅ [SUCCESS] HysicEWb5qw (47 frames | Subs: True)
2026-09-04 15:09:52,409 [INFO]   ✅ [SUCCESS] 3los1H5WKQI (62 frames | Subs: True)
2026-09-04 15:10:18,190 [WARNING]   ⚠️ Error processing oWQ9-LE72eE: ERROR: unable to download video data: HTTP Error 403: Forbidden
2026-09-04 15:10:40,769 [WARNING]   ⚠️ Error processing ERoPVEL3Kf8: ERROR: unable to download video data: HTTP Error 403: Forbidden
2026-09-04 15:10:40,770 [INFO] 🔄 [IP DYNAMICS] Regenerating Wireproxy & Cloudflare WARP Identity...
2026-09-04 15:10:49,891 [INFO] ✅ Clean IP Assigned: 104.28.196.79
2026-09-04 15:10:52,835 [WARNING] Meta fetch skipped for https://www.youtube.com/watch?v=S6jEq884Xyk: ERROR: [youtube] S6jEq884Xyk: Sign in to confirm you’re not a bot. Use --cookies-from-browser or --cookies for the authentication. See  https://github.com/yt-dlp/yt-dlp/wiki/FAQ#how-do-i-pass-cookies-to-yt-dlp  for how to manually pass cookies. Also see  https://github.com/yt-dlp/yt-dlp/wiki/Extractors#exporting-youtube-cookies  for tips on effectively exporting YouTube cookies
2026-09-04 15:11:02,340 [WARNING]   ⚠️ Error processing X9Mc2asfibs: ERROR: unable to download video data: HTTP Error 403: Forbidden
2026-09-04 15:11:02,342 [INFO] 🔄 [IP DYNAMICS] Regenerating Wireproxy & Cloudflare WARP Identity...
2026-09-04 15:11:11,521 [INFO] ✅ Clean IP Assigned: 104.28.196.79
2026-09-04 15:11:16,046 [WARNING]   ⚠️ Error processing 7wJPxo9AAgk: ERROR: [youtube] 7wJPxo9AAgk: Sign in to confirm you’re not a bot. Use --cookies-from-browser or --cookies for the authentication. See  https://github.com/yt-dlp/yt-dlp/wiki/FAQ#how-do-i-pass-cookies-to-yt-dlp  for how to manually pass cookies. Also see  https://github.com/yt-dlp/yt-dlp/wiki/Extractors#exporting-youtube-cookies  for tips on effectively exporting YouTube cookies
2026-09-04 15:11:35,946 [WARNING]   ⚠️ Error processing 0v_aJVJF1qQ: ERROR: [youtube] 0v_aJVJF1qQ: Sign in to confirm you’re not a bot. Use --cookies-from-browser or --cookies for the authentication. See  https://github.com/yt-dlp/yt-dlp/wiki/FAQ#how-do-i-pass-cookies-to-yt-dlp  for how to manually pass cookies. Also see  https://github.com/yt-dlp/yt-dlp/wiki/Extractors#exporting-youtube-cookies  for tips on effectively exporting YouTube cookies
2026-09-04 15:11:35,947 [INFO] 🔄 [IP DYNAMICS] Regenerating Wireproxy & Cloudflare WARP Identity...
2026-09-04 15:11:45,638 [INFO] ✅ Clean IP Assigned: 104.28.196.79
2026-09-04 15:12:47,792 [INFO]   ✅ [SUCCESS] _XwLovb2rWg (88 frames | Subs: False)
2026-09-04 15:13:35,694 [INFO]   ✅ [SUCCESS] ZABjFGPQ-hA (56 frames | Subs: False)
2026-09-04 15:14:32,613 [INFO]   ✅ [SUCCESS] az6gdTZL_oU (51 frames | Subs: False)
2026-09-04 15:15:52,499 [INFO]   ✅ [SUCCESS] NYVBTbdIjfQ (52 frames | Subs: False)
2026-09-04 15:16:40,878 [INFO]   ✅ [SUCCESS] x-K7LzbF-U0 (52 frames | Subs: False)
2026-09-04 15:17:21,873 [INFO]   ✅ [SUCCESS] Aj7mAzGHB3Y (41 frames | Subs: False)
2026-09-04 15:18:09,452 [INFO]   ✅ [SUCCESS] WP9-kSm4DbM (41 frames | Subs: False)
2026-09-04 15:20:03,161 [INFO]   ✅ [SUCCESS] UYIBDJkh5O0 (150 frames | Subs: False)
2026-09-04 15:22:20,682 [INFO]   ✅ [SUCCESS] 8SqhmxQSfNY (131 frames | Subs: False)
2026-09-04 15:23:33,059 [INFO]   ✅ [SUCCESS] Lhq_ef4HYNc (133 frames | Subs: False)
2026-09-04 15:25:26,541 [INFO]   ✅ [SUCCESS] oPBMtzs7XYk (160 frames | Subs: False)
2026-09-04 15:26:14,858 [INFO]   ✅ [SUCCESS] SpICWWNeWA4 (49 frames | Subs: False)
2026-09-04 15:27:18,980 [INFO]   ✅ [SUCCESS] TSaB__zRM1g (61 frames | Subs: False)
2026-09-04 15:28:12,740 [INFO]   ✅ [SUCCESS] sLPJttDd5pA (73 frames | Subs: False)
2026-09-04 15:29:14,249 [INFO]   ✅ [SUCCESS] 4tyziOE0wmU (79 frames | Subs: False)
2026-09-04 15:30:31,955 [INFO]   ✅ [SUCCESS] 5uYTEZ3qzKA (86 frames | Subs: False)
2026-09-04 15:31:54,909 [INFO]   ✅ [SUCCESS] j9ejHpBrslU (80 frames | Subs: False)
2026-09-04 15:34:02,465 [INFO]   ✅ [SUCCESS] RtpCzkJoz2Y (156 frames | Subs: False)
2026-09-04 15:35:25,822 [INFO]   ✅ [SUCCESS] sv3uBzVg68E (83 frames | Subs: False)
2026-09-04 15:36:08,702 [INFO]   ✅ [SUCCESS] tqAwY0j9Ot4 (72 frames | Subs: False)
2026-09-04 15:36:55,346 [INFO]   ✅ [SUCCESS] YlKT4vzBY8k (37 frames | Subs: False)
2026-09-04 15:37:23,499 [INFO]   ✅ [SUCCESS] DxZ0PmNzEZo (29 frames | Subs: False)
2026-09-04 15:37:57,318 [INFO]   ✅ [SUCCESS] aWVC4rxKGo0 (39 frames | Subs: False)
2026-09-04 15:38:53,373 [INFO]   ✅ [SUCCESS] qfgplQVbcuY (56 frames | Subs: True)
2026-09-04 15:39:59,433 [INFO]   ✅ [SUCCESS] nPxzbDpCpNA (50 frames | Subs: False)
2026-09-04 15:41:11,856 [INFO]   ✅ [SUCCESS] 55W7TQeqNf8 (67 frames | Subs: False)
2026-09-04 15:41:52,740 [INFO]   ✅ [SUCCESS] cFEIvYqjE64 (29 frames | Subs: False)
2026-09-04 15:42:43,620 [INFO]   ✅ [SUCCESS] eGn7vICr55k (34 frames | Subs: False)
2026-09-04 15:44:12,939 [INFO]   ✅ [SUCCESS] tplgMnSD8qs (70 frames | Subs: False)
2026-09-04 15:45:24,631 [INFO]   ✅ [SUCCESS] -u3A8fEf0so (88 frames | Subs: False)
2026-09-04 15:46:18,406 [INFO]   ✅ [SUCCESS] nIDcQTgPG5M (49 frames | Subs: False)
2026-09-04 15:46:55,749 [INFO]   ✅ [SUCCESS] zw90iCX4ZEM (26 frames | Subs: True)
2026-09-04 15:47:50,422 [INFO]   ✅ [SUCCESS] 3bnVEwTr8Cs (72 frames | Subs: False)
2026-09-04 15:59:55,129 [INFO]   ✅ [SUCCESS] K81nsMTxuPo (921 frames | Subs: True)
2026-09-04 16:00:29,274 [INFO]   ✅ [SUCCESS] T6EBy_LPQcY (36 frames | Subs: False)
2026-09-04 16:01:28,772 [INFO]   ✅ [SUCCESS] MFNkP4IHzzg (39 frames | Subs: False)
2026-09-04 16:02:03,042 [INFO]   ✅ [SUCCESS] ioD6xhmT2Es (47 frames | Subs: False)
2026-09-04 16:03:38,037 [INFO]   ✅ [SUCCESS] GapzlVH_WQY (74 frames | Subs: True)
2026-09-04 16:03:50,824 [INFO]   ✅ [SUCCESS] SJ9m5d4rX5A (1 frames | Subs: True)
2026-09-04 16:04:01,149 [INFO]   ✅ [SUCCESS] zDw9Rq6LcfI (1 frames | Subs: False)
2026-09-04 16:04:01,439 [INFO] 📊 Cycle 1 Report: 256/280 videos verified (92.50% total dataset points)
2026-09-04 16:04:01,439 [INFO] 
🔄 === [CYCLE 2/4] Client Profile: ['android', 'web'] ===
2026-09-04 16:04:27,437 [INFO]   ✅ [SUCCESS] YDcSKITbuyU (21 frames | Subs: False)
2026-09-04 16:04:54,762 [INFO]   ✅ [SUCCESS] gk3TcSyer4s (22 frames | Subs: False)
2026-09-04 16:05:01,702 [WARNING]   ⚠️ Error processing NJ0VcsrEuos: Command '['ffmpeg', '-y', '-i', 'Trade_Dataset_281/PL3_Basic/NJ0VcsrEuos_داستان زندگی کسانی که لیکویید شدن و دلایل آن در بازار ارزدیجیتال part1/temp_video.mp4', '-vf', 'fps=1/30', '-q:v', '2', 'Trade_Dataset_281/PL3_Basic/NJ0VcsrEuos_داستان زندگی کسانی که لیکویید شدن و دلایل آن در بازار ارزدیجیتال part1/02_keyframes/frame_%06ds.jpg']' returned non-zero exit status 183.
2026-09-04 16:05:45,850 [INFO]   ✅ [SUCCESS] D74ckSnFdOA (37 frames | Subs: False)
2026-09-04 16:06:28,347 [INFO]   ✅ [SUCCESS] sUn8l1IDxto (50 frames | Subs: False)
2026-09-04 16:06:56,845 [INFO]   ✅ [SUCCESS] TYq76JRO_DU (22 frames | Subs: False)
2026-09-04 16:07:27,932 [INFO]   ✅ [SUCCESS] hGFgm2ryTKU (21 frames | Subs: False)
2026-09-04 16:07:52,391 [INFO]   ✅ [SUCCESS] Xv2Del2i30Y (34 frames | Subs: False)
2026-09-04 16:08:36,800 [INFO]   ✅ [SUCCESS] g9il3wBh3Eo (57 frames | Subs: False)
2026-09-04 16:08:36,900 [INFO] 🎯 [TARGET ACHIEVED] Dataset integrity reached 95.18% (>=95%). Exiting early!
2026-09-04 16:08:37,098 [INFO] 📊 Cycle 2 Report: 264/280 videos verified (95.18% total dataset points)
2026-09-04 16:08:37,098 [INFO] 📦 Compressing final dataset categories into archives...
2026-09-04 16:16:08,714 [INFO] 🎉 Pipeline execution finished successfully!
